/data/scratch/deveshisingh/matmul-to-paged-attention/experiments/imbps-reproduction/results/decode-l2-pilot-9970/runtime-validation.json
/data/scratch/deveshisingh/matmul-to-paged-attention/experiments/imbps-reproduction/results/preflight-20261006T065151Z/environment.json
/data/scratch/deveshisingh/matmul-to-paged-attention/experiments/imbps-reproduction/results/preflight-20261006T065151Z/topology-validation.json
Preflight: /data/scratch/deveshisingh/matmul-to-paged-attention/experiments/imbps-reproduction/results/preflight-20261006T065151Z
round=1 order=1 model=opt30b batch=1 sequence=1 backend=tpp K=1 median_ms=1.718
round=1 order=2 model=opt30b batch=1 sequence=1 backend=imbps K=16 median_ms=8.425
round=1 order=3 model=opt30b batch=32 sequence=1 backend=imbps K=14 median_ms=10.790
round=1 order=4 model=opt30b batch=128 sequence=1 backend=imbps K=16 median_ms=24.999
round=1 order=5 model=opt30b batch=1024 sequence=1 backend=imbps K=7 median_ms=61.897
round=1 order=6 model=opt30b batch=512 sequence=1 backend=imbps K=8 median_ms=39.027
round=1 order=7 model=opt30b batch=128 sequence=1 backend=imbps K=14 median_ms=17.893
round=1 order=8 model=opt30b batch=1024 sequence=1 backend=imbps K=8 median_ms=62.993
round=1 order=9 model=opt30b batch=512 sequence=1 backend=tpp K=1 median_ms=39.001
round=1 order=10 model=opt30b batch=32 sequence=1 backend=imbps K=8 median_ms=9.927
round=1 order=11 model=opt30b batch=1 sequence=1 backend=imbps K=8 median_ms=3.929
round=1 order=12 model=opt30b batch=512 sequence=1 backend=imbps K=4 median_ms=32.727
round=1 order=13 model=opt30b batch=1 sequence=1 backend=imbps K=14 median_ms=7.389
round=1 order=14 model=opt30b batch=512 sequence=1 backend=imbps K=7 median_ms=32.806
round=1 order=15 model=opt30b batch=512 sequence=1 backend=imbps K=14 median_ms=36.841
round=1 order=16 model=opt30b batch=128 sequence=1 backend=imbps K=4 median_ms=14.348
round=1 order=17 model=opt30b batch=32 sequence=1 backend=imbps K=16 median_ms=12.208
round=1 order=18 model=opt30b batch=128 sequence=1 backend=imbps K=8 median_ms=19.911
round=1 order=19 model=opt30b batch=1 sequence=1 backend=imbps K=7 median_ms=3.997
round=1 order=20 model=opt30b batch=1024 sequence=1 backend=imbps K=16 median_ms=69.936
round=1 order=21 model=opt30b batch=1024 sequence=1 backend=tpp K=1 median_ms=79.251
round=1 order=22 model=opt30b batch=128 sequence=1 backend=imbps K=7 median_ms=14.726
round=1 order=23 model=opt30b batch=1024 sequence=1 backend=imbps K=4 median_ms=58.553
round=1 order=24 model=opt30b batch=32 sequence=1 backend=tpp K=1 median_ms=3.586
round=1 order=25 model=opt30b batch=32 sequence=1 backend=imbps K=7 median_ms=9.093
round=1 order=26 model=opt30b batch=1024 sequence=1 backend=imbps K=14 median_ms=63.710
round=1 order=27 model=opt30b batch=32 sequence=1 backend=imbps K=4 median_ms=6.018
round=1 order=28 model=opt30b batch=1 sequence=1 backend=imbps K=4 median_ms=3.417
round=1 order=29 model=opt30b batch=128 sequence=1 backend=tpp K=1 median_ms=8.214
round=1 order=30 model=opt30b batch=512 sequence=1 backend=imbps K=16 median_ms=45.753
round=2 order=1 model=opt30b batch=1 sequence=1 backend=tpp K=1 median_ms=1.711
round=2 order=2 model=opt30b batch=32 sequence=1 backend=tpp K=1 median_ms=3.591
round=2 order=3 model=opt30b batch=128 sequence=1 backend=imbps K=7 median_ms=14.572
round=2 order=4 model=opt30b batch=32 sequence=1 backend=imbps K=8 median_ms=9.675
round=2 order=5 model=opt30b batch=1024 sequence=1 backend=imbps K=16 median_ms=69.945
round=2 order=6 model=opt30b batch=512 sequence=1 backend=tpp K=1 median_ms=38.635
round=2 order=7 model=opt30b batch=1024 sequence=1 backend=imbps K=14 median_ms=63.874
round=2 order=8 model=opt30b batch=512 sequence=1 backend=imbps K=7 median_ms=33.334
round=2 order=9 model=opt30b batch=1 sequence=1 backend=imbps K=8 median_ms=3.884
round=2 order=10 model=opt30b batch=1024 sequence=1 backend=tpp K=1 median_ms=81.034
round=2 order=11 model=opt30b batch=512 sequence=1 backend=imbps K=4 median_ms=32.679
round=2 order=12 model=opt30b batch=1 sequence=1 backend=imbps K=14 median_ms=7.442
round=2 order=13 model=opt30b batch=128 sequence=1 backend=imbps K=14 median_ms=18.022
round=2 order=14 model=opt30b batch=512 sequence=1 backend=imbps K=16 median_ms=45.759
round=2 order=15 model=opt30b batch=512 sequence=1 backend=imbps K=8 median_ms=39.495
round=2 order=16 model=opt30b batch=128 sequence=1 backend=imbps K=8 median_ms=19.988
round=2 order=17 model=opt30b batch=1 sequence=1 backend=imbps K=7 median_ms=3.985
round=2 order=18 model=opt30b batch=1024 sequence=1 backend=imbps K=7 median_ms=62.041
round=2 order=19 model=opt30b batch=32 sequence=1 backend=imbps K=16 median_ms=12.249
round=2 order=20 model=opt30b batch=1024 sequence=1 backend=imbps K=8 median_ms=62.909
round=2 order=21 model=opt30b batch=128 sequence=1 backend=imbps K=4 median_ms=14.201
round=2 order=22 model=opt30b batch=32 sequence=1 backend=imbps K=4 median_ms=5.877
round=2 order=23 model=opt30b batch=512 sequence=1 backend=imbps K=14 median_ms=36.536
round=2 order=24 model=opt30b batch=32 sequence=1 backend=imbps K=7 median_ms=9.057
round=2 order=25 model=opt30b batch=1 sequence=1 backend=imbps K=16 median_ms=8.729
round=2 order=26 model=opt30b batch=1 sequence=1 backend=imbps K=4 median_ms=3.419
round=2 order=27 model=opt30b batch=128 sequence=1 backend=imbps K=16 median_ms=24.962
round=2 order=28 model=opt30b batch=128 sequence=1 backend=tpp K=1 median_ms=8.250
round=2 order=29 model=opt30b batch=32 sequence=1 backend=imbps K=14 median_ms=11.392
round=2 order=30 model=opt30b batch=1024 sequence=1 backend=imbps K=4 median_ms=58.126
round=3 order=1 model=opt30b batch=1024 sequence=1 backend=imbps K=14 median_ms=64.289
round=3 order=2 model=opt30b batch=128 sequence=1 backend=imbps K=8 median_ms=20.068
round=3 order=3 model=opt30b batch=512 sequence=1 backend=imbps K=14 median_ms=36.342
round=3 order=4 model=opt30b batch=32 sequence=1 backend=imbps K=4 median_ms=5.936
round=3 order=5 model=opt30b batch=1 sequence=1 backend=imbps K=8 median_ms=3.862
round=3 order=6 model=opt30b batch=128 sequence=1 backend=imbps K=7 median_ms=14.634
round=3 order=7 model=opt30b batch=512 sequence=1 backend=imbps K=8 median_ms=39.016
round=3 order=8 model=opt30b batch=1 sequence=1 backend=tpp K=1 median_ms=1.709
round=3 order=9 model=opt30b batch=512 sequence=1 backend=imbps K=16 median_ms=46.483
round=3 order=10 model=opt30b batch=1024 sequence=1 backend=tpp K=1 median_ms=80.062
round=3 order=11 model=opt30b batch=128 sequence=1 backend=imbps K=14 median_ms=19.718
round=3 order=12 model=opt30b batch=32 sequence=1 backend=imbps K=16 median_ms=11.125
round=3 order=13 model=opt30b batch=1024 sequence=1 backend=imbps K=16 median_ms=69.626
round=3 order=14 model=opt30b batch=1 sequence=1 backend=imbps K=4 median_ms=3.428
round=3 order=15 model=opt30b batch=128 sequence=1 backend=tpp K=1 median_ms=8.236
round=3 order=16 model=opt30b batch=128 sequence=1 backend=imbps K=16 median_ms=25.050
round=3 order=17 model=opt30b batch=1024 sequence=1 backend=imbps K=4 median_ms=58.420
round=3 order=18 model=opt30b batch=32 sequence=1 backend=imbps K=7 median_ms=8.971
round=3 order=19 model=opt30b batch=128 sequence=1 backend=imbps K=4 median_ms=14.145
round=3 order=20 model=opt30b batch=32 sequence=1 backend=imbps K=8 median_ms=9.808
round=3 order=21 model=opt30b batch=32 sequence=1 backend=imbps K=14 median_ms=10.866
round=3 order=22 model=opt30b batch=1 sequence=1 backend=imbps K=7 median_ms=4.137
round=3 order=23 model=opt30b batch=512 sequence=1 backend=imbps K=4 median_ms=32.762
round=3 order=24 model=opt30b batch=512 sequence=1 backend=imbps K=7 median_ms=33.168
round=3 order=25 model=opt30b batch=32 sequence=1 backend=tpp K=1 median_ms=3.613
round=3 order=26 model=opt30b batch=512 sequence=1 backend=tpp K=1 median_ms=39.237
round=3 order=27 model=opt30b batch=1 sequence=1 backend=imbps K=14 median_ms=7.431
round=3 order=28 model=opt30b batch=1 sequence=1 backend=imbps K=16 median_ms=8.451
round=3 order=29 model=opt30b batch=1024 sequence=1 backend=imbps K=7 median_ms=62.050
round=3 order=30 model=opt30b batch=1024 sequence=1 backend=imbps K=8 median_ms=62.851
Results: /data/scratch/deveshisingh/matmul-to-paged-attention/experiments/imbps-reproduction/results/decode-l2-pilot-9970/timing
Decode L2 pilot timing: /data/scratch/deveshisingh/matmul-to-paged-attention/experiments/imbps-reproduction/results/decode-l2-pilot-9970/timing
