/data/scratch/deveshisingh/matmul-to-paged-attention/experiments/imbps-reproduction/results/decode-l2-9974/runtime-validation.json
/data/scratch/deveshisingh/matmul-to-paged-attention/experiments/imbps-reproduction/results/preflight-20261006T071543Z/environment.json
/data/scratch/deveshisingh/matmul-to-paged-attention/experiments/imbps-reproduction/results/preflight-20261006T071543Z/topology-validation.json
Preflight: /data/scratch/deveshisingh/matmul-to-paged-attention/experiments/imbps-reproduction/results/preflight-20261006T071543Z
round=1 order=1 model=opt30b batch=2 sequence=1 backend=imbps K=4 median_ms=4.156
round=1 order=2 model=opt30b batch=16 sequence=1 backend=imbps K=2 median_ms=3.636
round=1 order=3 model=opt30b batch=16 sequence=1 backend=imbps K=28 median_ms=15.003
round=1 order=4 model=opt30b batch=32 sequence=1 backend=imbps K=28 median_ms=16.151
round=1 order=5 model=opt30b batch=128 sequence=1 backend=imbps K=4 median_ms=14.210
round=1 order=6 model=opt30b batch=256 sequence=1 backend=imbps K=7 median_ms=21.729
round=1 order=7 model=opt30b batch=2 sequence=1 backend=tpp K=1 median_ms=1.713
round=1 order=8 model=opt30b batch=32 sequence=1 backend=imbps K=16 median_ms=12.398
round=1 order=9 model=opt30b batch=32 sequence=1 backend=imbps K=7 median_ms=9.034
round=1 order=10 model=opt30b batch=512 sequence=1 backend=imbps K=28 median_ms=42.913
round=1 order=11 model=opt30b batch=256 sequence=1 backend=imbps K=2 median_ms=18.540
round=1 order=12 model=opt30b batch=8 sequence=1 backend=imbps K=8 median_ms=7.502
round=1 order=13 model=opt30b batch=2 sequence=1 backend=imbps K=14 median_ms=8.435
round=1 order=14 model=opt30b batch=1 sequence=1 backend=imbps K=2 median_ms=2.986
round=1 order=15 model=opt30b batch=16 sequence=1 backend=imbps K=4 median_ms=4.788
round=1 order=16 model=opt30b batch=32 sequence=1 backend=imbps K=2 median_ms=4.692
round=1 order=17 model=opt30b batch=2 sequence=1 backend=imbps K=28 median_ms=13.314
round=1 order=18 model=opt30b batch=1024 sequence=1 backend=imbps K=32 median_ms=81.241
round=1 order=19 model=opt30b batch=256 sequence=1 backend=imbps K=28 median_ms=32.068
round=1 order=20 model=opt30b batch=1 sequence=1 backend=tpp K=1 median_ms=1.710
round=1 order=21 model=opt30b batch=8 sequence=1 backend=imbps K=28 median_ms=14.219
round=1 order=22 model=opt30b batch=256 sequence=1 backend=imbps K=32 median_ms=42.440
round=1 order=23 model=opt30b batch=512 sequence=1 backend=imbps K=4 median_ms=32.570
round=1 order=24 model=opt30b batch=64 sequence=1 backend=imbps K=8 median_ms=13.504
round=1 order=25 model=opt30b batch=1024 sequence=1 backend=imbps K=28 median_ms=68.420
round=1 order=26 model=opt30b batch=16 sequence=1 backend=tpp K=1 median_ms=2.693
round=1 order=27 model=opt30b batch=16 sequence=1 backend=imbps K=16 median_ms=11.117
round=1 order=28 model=opt30b batch=128 sequence=1 backend=imbps K=7 median_ms=14.557
round=1 order=29 model=opt30b batch=2 sequence=1 backend=imbps K=16 median_ms=9.358
round=1 order=30 model=opt30b batch=64 sequence=1 backend=imbps K=14 median_ms=13.898
round=1 order=31 model=opt30b batch=512 sequence=1 backend=imbps K=14 median_ms=36.311
round=1 order=32 model=opt30b batch=1 sequence=1 backend=imbps K=16 median_ms=8.307
round=1 order=33 model=opt30b batch=1 sequence=1 backend=imbps K=7 median_ms=4.064
round=1 order=34 model=opt30b batch=4 sequence=1 backend=imbps K=4 median_ms=4.137
round=1 order=35 model=opt30b batch=64 sequence=1 backend=imbps K=2 median_ms=7.595
round=1 order=36 model=opt30b batch=128 sequence=1 backend=tpp K=1 median_ms=8.251
round=1 order=37 model=opt30b batch=512 sequence=1 backend=imbps K=8 median_ms=39.257
round=1 order=38 model=opt30b batch=64 sequence=1 backend=imbps K=32 median_ms=20.932
round=1 order=39 model=opt30b batch=1024 sequence=1 backend=imbps K=16 median_ms=70.000
round=1 order=40 model=opt30b batch=512 sequence=1 backend=imbps K=16 median_ms=45.897
round=1 order=41 model=opt30b batch=1024 sequence=1 backend=imbps K=4 median_ms=58.369
round=1 order=42 model=opt30b batch=128 sequence=1 backend=imbps K=2 median_ms=12.344
round=1 order=43 model=opt30b batch=8 sequence=1 backend=imbps K=2 median_ms=3.770
round=1 order=44 model=opt30b batch=512 sequence=1 backend=tpp K=1 median_ms=38.692
round=1 order=45 model=opt30b batch=16 sequence=1 backend=imbps K=7 median_ms=6.177
round=1 order=46 model=opt30b batch=4 sequence=1 backend=imbps K=8 median_ms=5.488
round=1 order=47 model=opt30b batch=4 sequence=1 backend=imbps K=16 median_ms=9.753
round=1 order=48 model=opt30b batch=256 sequence=1 backend=imbps K=16 median_ms=35.708
round=1 order=49 model=opt30b batch=32 sequence=1 backend=imbps K=4 median_ms=5.749
round=1 order=50 model=opt30b batch=128 sequence=1 backend=imbps K=28 median_ms=25.077
round=1 order=51 model=opt30b batch=2 sequence=1 backend=imbps K=32 median_ms=14.361
round=1 order=52 model=opt30b batch=256 sequence=1 backend=tpp K=1 median_ms=15.627
round=1 order=53 model=opt30b batch=64 sequence=1 backend=imbps K=28 median_ms=19.753
round=1 order=54 model=opt30b batch=2 sequence=1 backend=imbps K=2 median_ms=3.284
round=1 order=55 model=opt30b batch=4 sequence=1 backend=imbps K=7 median_ms=5.435
round=1 order=56 model=opt30b batch=4 sequence=1 backend=imbps K=2 median_ms=3.565
round=1 order=57 model=opt30b batch=1024 sequence=1 backend=imbps K=2 median_ms=56.837
round=1 order=58 model=opt30b batch=8 sequence=1 backend=tpp K=1 median_ms=1.770
round=1 order=59 model=opt30b batch=1 sequence=1 backend=imbps K=4 median_ms=3.416
round=1 order=60 model=opt30b batch=1 sequence=1 backend=imbps K=14 median_ms=7.516
round=1 order=61 model=opt30b batch=1 sequence=1 backend=imbps K=8 median_ms=3.863
round=1 order=62 model=opt30b batch=128 sequence=1 backend=imbps K=32 median_ms=32.306
round=1 order=63 model=opt30b batch=4 sequence=1 backend=imbps K=14 median_ms=8.849
round=1 order=64 model=opt30b batch=128 sequence=1 backend=imbps K=16 median_ms=25.390
round=1 order=65 model=opt30b batch=64 sequence=1 backend=imbps K=4 median_ms=8.524
round=1 order=66 model=opt30b batch=128 sequence=1 backend=imbps K=8 median_ms=20.012
round=1 order=67 model=opt30b batch=2 sequence=1 backend=imbps K=8 median_ms=7.083
round=1 order=68 model=opt30b batch=64 sequence=1 backend=tpp K=1 median_ms=5.723
round=1 order=69 model=opt30b batch=16 sequence=1 backend=imbps K=32 median_ms=16.390
round=1 order=70 model=opt30b batch=512 sequence=1 backend=imbps K=32 median_ms=53.281
round=1 order=71 model=opt30b batch=8 sequence=1 backend=imbps K=32 median_ms=15.171
round=1 order=72 model=opt30b batch=16 sequence=1 backend=imbps K=8 median_ms=7.666
round=1 order=73 model=opt30b batch=16 sequence=1 backend=imbps K=14 median_ms=9.910
round=1 order=74 model=opt30b batch=256 sequence=1 backend=imbps K=8 median_ms=29.277
round=1 order=75 model=opt30b batch=256 sequence=1 backend=imbps K=4 median_ms=22.166
round=1 order=76 model=opt30b batch=2 sequence=1 backend=imbps K=7 median_ms=5.195
round=1 order=77 model=opt30b batch=4 sequence=1 backend=tpp K=1 median_ms=1.740
round=1 order=78 model=opt30b batch=256 sequence=1 backend=imbps K=14 median_ms=25.511
round=1 order=79 model=opt30b batch=8 sequence=1 backend=imbps K=4 median_ms=4.404
round=1 order=80 model=opt30b batch=512 sequence=1 backend=imbps K=2 median_ms=30.386
round=1 order=81 model=opt30b batch=1024 sequence=1 backend=imbps K=7 median_ms=62.039
round=1 order=82 model=opt30b batch=128 sequence=1 backend=imbps K=14 median_ms=18.446
round=1 order=83 model=opt30b batch=32 sequence=1 backend=imbps K=32 median_ms=17.381
round=1 order=84 model=opt30b batch=32 sequence=1 backend=tpp K=1 median_ms=3.587
round=1 order=85 model=opt30b batch=64 sequence=1 backend=imbps K=16 median_ms=18.104
round=1 order=86 model=opt30b batch=1 sequence=1 backend=imbps K=32 median_ms=13.325
round=1 order=87 model=opt30b batch=4 sequence=1 backend=imbps K=32 median_ms=14.802
round=1 order=88 model=opt30b batch=512 sequence=1 backend=imbps K=7 median_ms=33.120
round=1 order=89 model=opt30b batch=8 sequence=1 backend=imbps K=16 median_ms=10.215
round=1 order=90 model=opt30b batch=64 sequence=1 backend=imbps K=7 median_ms=11.112
round=1 order=91 model=opt30b batch=1024 sequence=1 backend=tpp K=1 median_ms=78.985
round=1 order=92 model=opt30b batch=1024 sequence=1 backend=imbps K=8 median_ms=62.958
round=1 order=93 model=opt30b batch=4 sequence=1 backend=imbps K=28 median_ms=13.716
round=1 order=94 model=opt30b batch=8 sequence=1 backend=imbps K=14 median_ms=9.321
round=1 order=95 model=opt30b batch=32 sequence=1 backend=imbps K=8 median_ms=8.890
round=1 order=96 model=opt30b batch=8 sequence=1 backend=imbps K=7 median_ms=5.722
round=1 order=97 model=opt30b batch=1 sequence=1 backend=imbps K=28 median_ms=12.386
round=1 order=98 model=opt30b batch=32 sequence=1 backend=imbps K=14 median_ms=10.884
round=1 order=99 model=opt30b batch=1024 sequence=1 backend=imbps K=14 median_ms=64.695
round=2 order=1 model=opt30b batch=1024 sequence=1 backend=imbps K=16 median_ms=69.782
round=2 order=2 model=opt30b batch=2 sequence=1 backend=imbps K=8 median_ms=7.033
round=2 order=3 model=opt30b batch=1 sequence=1 backend=imbps K=28 median_ms=12.143
round=2 order=4 model=opt30b batch=64 sequence=1 backend=imbps K=4 median_ms=8.655
round=2 order=5 model=opt30b batch=16 sequence=1 backend=imbps K=7 median_ms=6.252
round=2 order=6 model=opt30b batch=256 sequence=1 backend=imbps K=16 median_ms=37.263
round=2 order=7 model=opt30b batch=64 sequence=1 backend=imbps K=14 median_ms=14.131
round=2 order=8 model=opt30b batch=4 sequence=1 backend=imbps K=16 median_ms=8.337
round=2 order=9 model=opt30b batch=16 sequence=1 backend=tpp K=1 median_ms=2.599
round=2 order=10 model=opt30b batch=2 sequence=1 backend=imbps K=14 median_ms=8.898
round=2 order=11 model=opt30b batch=32 sequence=1 backend=imbps K=32 median_ms=17.549
round=2 order=12 model=opt30b batch=1 sequence=1 backend=imbps K=8 median_ms=3.899
round=2 order=13 model=opt30b batch=64 sequence=1 backend=imbps K=2 median_ms=7.709
round=2 order=14 model=opt30b batch=1024 sequence=1 backend=tpp K=1 median_ms=79.311
round=2 order=15 model=opt30b batch=512 sequence=1 backend=imbps K=4 median_ms=32.900
round=2 order=16 model=opt30b batch=64 sequence=1 backend=imbps K=8 median_ms=13.427
round=2 order=17 model=opt30b batch=8 sequence=1 backend=imbps K=2 median_ms=3.448
round=2 order=18 model=opt30b batch=2 sequence=1 backend=imbps K=2 median_ms=3.695
round=2 order=19 model=opt30b batch=4 sequence=1 backend=imbps K=2 median_ms=3.246
round=2 order=20 model=opt30b batch=1024 sequence=1 backend=imbps K=32 median_ms=81.237
round=2 order=21 model=opt30b batch=256 sequence=1 backend=imbps K=2 median_ms=18.437
round=2 order=22 model=opt30b batch=2 sequence=1 backend=imbps K=32 median_ms=14.332
round=2 order=23 model=opt30b batch=2 sequence=1 backend=imbps K=4 median_ms=4.166
round=2 order=24 model=opt30b batch=512 sequence=1 backend=imbps K=8 median_ms=39.601
round=2 order=25 model=opt30b batch=32 sequence=1 backend=imbps K=8 median_ms=10.099
round=2 order=26 model=opt30b batch=1 sequence=1 backend=imbps K=2 median_ms=2.985
round=2 order=27 model=opt30b batch=256 sequence=1 backend=tpp K=1 median_ms=15.657
round=2 order=28 model=opt30b batch=32 sequence=1 backend=imbps K=4 median_ms=6.335
round=2 order=29 model=opt30b batch=32 sequence=1 backend=imbps K=14 median_ms=11.577
round=2 order=30 model=opt30b batch=2 sequence=1 backend=imbps K=7 median_ms=5.424
round=2 order=31 model=opt30b batch=1 sequence=1 backend=tpp K=1 median_ms=1.716
round=2 order=32 model=opt30b batch=512 sequence=1 backend=imbps K=14 median_ms=36.772
round=2 order=33 model=opt30b batch=2 sequence=1 backend=imbps K=16 median_ms=9.438
round=2 order=34 model=opt30b batch=8 sequence=1 backend=tpp K=1 median_ms=1.783
round=2 order=35 model=opt30b batch=256 sequence=1 backend=imbps K=14 median_ms=25.107
round=2 order=36 model=opt30b batch=8 sequence=1 backend=imbps K=14 median_ms=9.375
round=2 order=37 model=opt30b batch=4 sequence=1 backend=imbps K=7 median_ms=5.571
round=2 order=38 model=opt30b batch=4 sequence=1 backend=imbps K=4 median_ms=4.198
round=2 order=39 model=opt30b batch=128 sequence=1 backend=imbps K=4 median_ms=14.333
round=2 order=40 model=opt30b batch=256 sequence=1 backend=imbps K=28 median_ms=31.600
round=2 order=41 model=opt30b batch=1 sequence=1 backend=imbps K=14 median_ms=7.510
round=2 order=42 model=opt30b batch=1 sequence=1 backend=imbps K=7 median_ms=3.739
round=2 order=43 model=opt30b batch=256 sequence=1 backend=imbps K=8 median_ms=29.126
round=2 order=44 model=opt30b batch=64 sequence=1 backend=tpp K=1 median_ms=5.711
round=2 order=45 model=opt30b batch=128 sequence=1 backend=tpp K=1 median_ms=8.254
round=2 order=46 model=opt30b batch=1 sequence=1 backend=imbps K=32 median_ms=13.498
round=2 order=47 model=opt30b batch=128 sequence=1 backend=imbps K=8 median_ms=20.063
round=2 order=48 model=opt30b batch=16 sequence=1 backend=imbps K=2 median_ms=3.790
round=2 order=49 model=opt30b batch=64 sequence=1 backend=imbps K=32 median_ms=21.028
round=2 order=50 model=opt30b batch=1 sequence=1 backend=imbps K=4 median_ms=3.455
round=2 order=51 model=opt30b batch=1024 sequence=1 backend=imbps K=7 median_ms=62.147
round=2 order=52 model=opt30b batch=16 sequence=1 backend=imbps K=28 median_ms=15.259
round=2 order=53 model=opt30b batch=64 sequence=1 backend=imbps K=28 median_ms=19.616
round=2 order=54 model=opt30b batch=4 sequence=1 backend=tpp K=1 median_ms=1.751
round=2 order=55 model=opt30b batch=512 sequence=1 backend=imbps K=2 median_ms=30.468
round=2 order=56 model=opt30b batch=4 sequence=1 backend=imbps K=32 median_ms=14.639
round=2 order=57 model=opt30b batch=128 sequence=1 backend=imbps K=14 median_ms=17.918
round=2 order=58 model=opt30b batch=512 sequence=1 backend=tpp K=1 median_ms=37.957
round=2 order=59 model=opt30b batch=32 sequence=1 backend=imbps K=16 median_ms=12.229
round=2 order=60 model=opt30b batch=16 sequence=1 backend=imbps K=14 median_ms=8.401
round=2 order=61 model=opt30b batch=128 sequence=1 backend=imbps K=2 median_ms=12.375
round=2 order=62 model=opt30b batch=8 sequence=1 backend=imbps K=4 median_ms=4.452
round=2 order=63 model=opt30b batch=16 sequence=1 backend=imbps K=32 median_ms=16.926
round=2 order=64 model=opt30b batch=128 sequence=1 backend=imbps K=7 median_ms=14.733
round=2 order=65 model=opt30b batch=256 sequence=1 backend=imbps K=7 median_ms=21.788
round=2 order=66 model=opt30b batch=256 sequence=1 backend=imbps K=32 median_ms=42.441
round=2 order=67 model=opt30b batch=256 sequence=1 backend=imbps K=4 median_ms=22.077
round=2 order=68 model=opt30b batch=512 sequence=1 backend=imbps K=7 median_ms=32.954
round=2 order=69 model=opt30b batch=512 sequence=1 backend=imbps K=32 median_ms=53.467
round=2 order=70 model=opt30b batch=32 sequence=1 backend=imbps K=2 median_ms=4.663
round=2 order=71 model=opt30b batch=1024 sequence=1 backend=imbps K=14 median_ms=64.235
round=2 order=72 model=opt30b batch=16 sequence=1 backend=imbps K=4 median_ms=4.579
round=2 order=73 model=opt30b batch=512 sequence=1 backend=imbps K=16 median_ms=45.757
round=2 order=74 model=opt30b batch=16 sequence=1 backend=imbps K=8 median_ms=6.420
round=2 order=75 model=opt30b batch=4 sequence=1 backend=imbps K=8 median_ms=7.208
round=2 order=76 model=opt30b batch=4 sequence=1 backend=imbps K=28 median_ms=13.783
round=2 order=77 model=opt30b batch=8 sequence=1 backend=imbps K=28 median_ms=14.252
round=2 order=78 model=opt30b batch=1024 sequence=1 backend=imbps K=2 median_ms=56.654
round=2 order=79 model=opt30b batch=8 sequence=1 backend=imbps K=8 median_ms=7.564
round=2 order=80 model=opt30b batch=1024 sequence=1 backend=imbps K=4 median_ms=58.424
round=2 order=81 model=opt30b batch=2 sequence=1 backend=imbps K=28 median_ms=13.189
round=2 order=82 model=opt30b batch=8 sequence=1 backend=imbps K=32 median_ms=15.087
round=2 order=83 model=opt30b batch=1024 sequence=1 backend=imbps K=8 median_ms=62.936
round=2 order=84 model=opt30b batch=128 sequence=1 backend=imbps K=32 median_ms=31.809
round=2 order=85 model=opt30b batch=64 sequence=1 backend=imbps K=7 median_ms=11.137
round=2 order=86 model=opt30b batch=64 sequence=1 backend=imbps K=16 median_ms=18.195
round=2 order=87 model=opt30b batch=2 sequence=1 backend=tpp K=1 median_ms=1.723
round=2 order=88 model=opt30b batch=128 sequence=1 backend=imbps K=28 median_ms=25.529
round=2 order=89 model=opt30b batch=32 sequence=1 backend=tpp K=1 median_ms=3.611
round=2 order=90 model=opt30b batch=1024 sequence=1 backend=imbps K=28 median_ms=68.410
round=2 order=91 model=opt30b batch=32 sequence=1 backend=imbps K=28 median_ms=16.348
round=2 order=92 model=opt30b batch=8 sequence=1 backend=imbps K=7 median_ms=5.730
round=2 order=93 model=opt30b batch=512 sequence=1 backend=imbps K=28 median_ms=42.936
round=2 order=94 model=opt30b batch=8 sequence=1 backend=imbps K=16 median_ms=10.298
round=2 order=95 model=opt30b batch=4 sequence=1 backend=imbps K=14 median_ms=10.569
round=2 order=96 model=opt30b batch=1 sequence=1 backend=imbps K=16 median_ms=8.526
round=2 order=97 model=opt30b batch=128 sequence=1 backend=imbps K=16 median_ms=25.054
round=2 order=98 model=opt30b batch=32 sequence=1 backend=imbps K=7 median_ms=9.170
round=2 order=99 model=opt30b batch=16 sequence=1 backend=imbps K=16 median_ms=10.776
round=3 order=1 model=opt30b batch=256 sequence=1 backend=imbps K=2 median_ms=18.614
round=3 order=2 model=opt30b batch=512 sequence=1 backend=imbps K=4 median_ms=32.621
round=3 order=3 model=opt30b batch=1024 sequence=1 backend=imbps K=16 median_ms=69.810
round=3 order=4 model=opt30b batch=1 sequence=1 backend=imbps K=32 median_ms=13.604
round=3 order=5 model=opt30b batch=16 sequence=1 backend=imbps K=28 median_ms=15.192
round=3 order=6 model=opt30b batch=16 sequence=1 backend=imbps K=4 median_ms=4.684
round=3 order=7 model=opt30b batch=128 sequence=1 backend=imbps K=16 median_ms=24.801
round=3 order=8 model=opt30b batch=32 sequence=1 backend=imbps K=14 median_ms=11.136
round=3 order=9 model=opt30b batch=8 sequence=1 backend=imbps K=7 median_ms=5.825
round=3 order=10 model=opt30b batch=8 sequence=1 backend=imbps K=8 median_ms=7.180
round=3 order=11 model=opt30b batch=1 sequence=1 backend=imbps K=7 median_ms=3.854
round=3 order=12 model=opt30b batch=8 sequence=1 backend=imbps K=16 median_ms=10.117
round=3 order=13 model=opt30b batch=1024 sequence=1 backend=imbps K=32 median_ms=83.131
round=3 order=14 model=opt30b batch=32 sequence=1 backend=imbps K=8 median_ms=9.998
round=3 order=15 model=opt30b batch=128 sequence=1 backend=imbps K=4 median_ms=14.117
round=3 order=16 model=opt30b batch=64 sequence=1 backend=imbps K=28 median_ms=19.739
round=3 order=17 model=opt30b batch=256 sequence=1 backend=imbps K=4 median_ms=22.010
round=3 order=18 model=opt30b batch=64 sequence=1 backend=imbps K=8 median_ms=13.035
round=3 order=19 model=opt30b batch=4 sequence=1 backend=tpp K=1 median_ms=1.734
round=3 order=20 model=opt30b batch=2 sequence=1 backend=imbps K=16 median_ms=9.588
round=3 order=21 model=opt30b batch=1 sequence=1 backend=imbps K=8 median_ms=3.921
round=3 order=22 model=opt30b batch=128 sequence=1 backend=imbps K=28 median_ms=25.517
round=3 order=23 model=opt30b batch=2 sequence=1 backend=imbps K=2 median_ms=3.277
round=3 order=24 model=opt30b batch=4 sequence=1 backend=imbps K=7 median_ms=5.329
round=3 order=25 model=opt30b batch=2 sequence=1 backend=imbps K=32 median_ms=14.459
round=3 order=26 model=opt30b batch=256 sequence=1 backend=imbps K=32 median_ms=42.550
round=3 order=27 model=opt30b batch=1024 sequence=1 backend=imbps K=28 median_ms=68.574
round=3 order=28 model=opt30b batch=128 sequence=1 backend=imbps K=32 median_ms=31.766
round=3 order=29 model=opt30b batch=64 sequence=1 backend=imbps K=16 median_ms=18.230
round=3 order=30 model=opt30b batch=1024 sequence=1 backend=imbps K=14 median_ms=64.060
round=3 order=31 model=opt30b batch=4 sequence=1 backend=imbps K=2 median_ms=3.242
round=3 order=32 model=opt30b batch=1 sequence=1 backend=imbps K=16 median_ms=8.423
round=3 order=33 model=opt30b batch=128 sequence=1 backend=imbps K=8 median_ms=20.280
round=3 order=34 model=opt30b batch=512 sequence=1 backend=imbps K=8 median_ms=39.346
round=3 order=35 model=opt30b batch=1 sequence=1 backend=tpp K=1 median_ms=1.709
round=3 order=36 model=opt30b batch=64 sequence=1 backend=imbps K=4 median_ms=8.492
round=3 order=37 model=opt30b batch=256 sequence=1 backend=imbps K=16 median_ms=36.233
round=3 order=38 model=opt30b batch=128 sequence=1 backend=tpp K=1 median_ms=8.197
round=3 order=39 model=opt30b batch=512 sequence=1 backend=imbps K=28 median_ms=43.001
round=3 order=40 model=opt30b batch=128 sequence=1 backend=imbps K=7 median_ms=14.597
round=3 order=41 model=opt30b batch=256 sequence=1 backend=imbps K=28 median_ms=31.273
round=3 order=42 model=opt30b batch=32 sequence=1 backend=imbps K=2 median_ms=4.606
round=3 order=43 model=opt30b batch=2 sequence=1 backend=imbps K=14 median_ms=8.555
round=3 order=44 model=opt30b batch=128 sequence=1 backend=imbps K=2 median_ms=12.354
round=3 order=45 model=opt30b batch=512 sequence=1 backend=imbps K=7 median_ms=33.285
round=3 order=46 model=opt30b batch=512 sequence=1 backend=imbps K=2 median_ms=30.624
round=3 order=47 model=opt30b batch=16 sequence=1 backend=imbps K=2 median_ms=3.941
round=3 order=48 model=opt30b batch=2 sequence=1 backend=imbps K=7 median_ms=5.214
round=3 order=49 model=opt30b batch=1024 sequence=1 backend=imbps K=8 median_ms=63.096
round=3 order=50 model=opt30b batch=32 sequence=1 backend=imbps K=4 median_ms=5.726
round=3 order=51 model=opt30b batch=512 sequence=1 backend=imbps K=16 median_ms=45.726
round=3 order=52 model=opt30b batch=4 sequence=1 backend=imbps K=4 median_ms=4.762
round=3 order=53 model=opt30b batch=256 sequence=1 backend=imbps K=8 median_ms=29.217
round=3 order=54 model=opt30b batch=1024 sequence=1 backend=imbps K=7 median_ms=62.381
round=3 order=55 model=opt30b batch=16 sequence=1 backend=imbps K=8 median_ms=7.425
round=3 order=56 model=opt30b batch=16 sequence=1 backend=imbps K=32 median_ms=16.274
round=3 order=57 model=opt30b batch=1 sequence=1 backend=imbps K=28 median_ms=12.239
round=3 order=58 model=opt30b batch=4 sequence=1 backend=imbps K=8 median_ms=6.601
round=3 order=59 model=opt30b batch=8 sequence=1 backend=tpp K=1 median_ms=1.770
round=3 order=60 model=opt30b batch=8 sequence=1 backend=imbps K=32 median_ms=15.400
round=3 order=61 model=opt30b batch=32 sequence=1 backend=imbps K=16 median_ms=11.466
round=3 order=62 model=opt30b batch=64 sequence=1 backend=imbps K=14 median_ms=13.965
round=3 order=63 model=opt30b batch=4 sequence=1 backend=imbps K=28 median_ms=13.866
round=3 order=64 model=opt30b batch=16 sequence=1 backend=imbps K=16 median_ms=11.012
round=3 order=65 model=opt30b batch=4 sequence=1 backend=imbps K=16 median_ms=9.701
round=3 order=66 model=opt30b batch=32 sequence=1 backend=imbps K=7 median_ms=9.070
round=3 order=67 model=opt30b batch=512 sequence=1 backend=imbps K=32 median_ms=53.417
round=3 order=68 model=opt30b batch=64 sequence=1 backend=imbps K=32 median_ms=21.064
round=3 order=69 model=opt30b batch=8 sequence=1 backend=imbps K=4 median_ms=4.282
round=3 order=70 model=opt30b batch=8 sequence=1 backend=imbps K=2 median_ms=3.421
round=3 order=71 model=opt30b batch=1 sequence=1 backend=imbps K=4 median_ms=3.451
round=3 order=72 model=opt30b batch=64 sequence=1 backend=imbps K=7 median_ms=11.134
round=3 order=73 model=opt30b batch=128 sequence=1 backend=imbps K=14 median_ms=18.212
round=3 order=74 model=opt30b batch=1024 sequence=1 backend=tpp K=1 median_ms=77.749
round=3 order=75 model=opt30b batch=1024 sequence=1 backend=imbps K=2 median_ms=56.614
round=3 order=76 model=opt30b batch=512 sequence=1 backend=imbps K=14 median_ms=36.488
round=3 order=77 model=opt30b batch=1 sequence=1 backend=imbps K=14 median_ms=6.220
round=3 order=78 model=opt30b batch=32 sequence=1 backend=imbps K=32 median_ms=17.708
round=3 order=79 model=opt30b batch=16 sequence=1 backend=imbps K=7 median_ms=6.301
round=3 order=80 model=opt30b batch=1 sequence=1 backend=imbps K=2 median_ms=2.984
round=3 order=81 model=opt30b batch=2 sequence=1 backend=imbps K=8 median_ms=6.511
round=3 order=82 model=opt30b batch=64 sequence=1 backend=imbps K=2 median_ms=7.631
round=3 order=83 model=opt30b batch=2 sequence=1 backend=imbps K=4 median_ms=4.122
round=3 order=84 model=opt30b batch=32 sequence=1 backend=tpp K=1 median_ms=3.577
round=3 order=85 model=opt30b batch=1024 sequence=1 backend=imbps K=4 median_ms=58.718
round=3 order=86 model=opt30b batch=8 sequence=1 backend=imbps K=14 median_ms=9.498
round=3 order=87 model=opt30b batch=32 sequence=1 backend=imbps K=28 median_ms=16.469
round=3 order=88 model=opt30b batch=256 sequence=1 backend=imbps K=7 median_ms=21.661
round=3 order=89 model=opt30b batch=8 sequence=1 backend=imbps K=28 median_ms=14.850
round=3 order=90 model=opt30b batch=64 sequence=1 backend=tpp K=1 median_ms=5.614
round=3 order=91 model=opt30b batch=16 sequence=1 backend=tpp K=1 median_ms=2.567
round=3 order=92 model=opt30b batch=16 sequence=1 backend=imbps K=14 median_ms=10.142
round=3 order=93 model=opt30b batch=2 sequence=1 backend=tpp K=1 median_ms=1.723
round=3 order=94 model=opt30b batch=256 sequence=1 backend=imbps K=14 median_ms=25.099
round=3 order=95 model=opt30b batch=512 sequence=1 backend=tpp K=1 median_ms=38.744
round=3 order=96 model=opt30b batch=4 sequence=1 backend=imbps K=32 median_ms=14.921
round=3 order=97 model=opt30b batch=256 sequence=1 backend=tpp K=1 median_ms=15.636
round=3 order=98 model=opt30b batch=2 sequence=1 backend=imbps K=28 median_ms=13.558
round=3 order=99 model=opt30b batch=4 sequence=1 backend=imbps K=14 median_ms=9.095
round=4 order=1 model=opt30b batch=128 sequence=1 backend=imbps K=2 median_ms=12.324
round=4 order=2 model=opt30b batch=1 sequence=1 backend=imbps K=8 median_ms=3.902
round=4 order=3 model=opt30b batch=1 sequence=1 backend=imbps K=2 median_ms=2.977
round=4 order=4 model=opt30b batch=4 sequence=1 backend=imbps K=4 median_ms=4.135
round=4 order=5 model=opt30b batch=32 sequence=1 backend=imbps K=8 median_ms=9.947
round=4 order=6 model=opt30b batch=1 sequence=1 backend=imbps K=14 median_ms=7.566
round=4 order=7 model=opt30b batch=256 sequence=1 backend=imbps K=14 median_ms=25.613
round=4 order=8 model=opt30b batch=256 sequence=1 backend=imbps K=7 median_ms=21.567
round=4 order=9 model=opt30b batch=16 sequence=1 backend=tpp K=1 median_ms=2.649
round=4 order=10 model=opt30b batch=32 sequence=1 backend=imbps K=14 median_ms=10.840
round=4 order=11 model=opt30b batch=1 sequence=1 backend=imbps K=4 median_ms=3.432
round=4 order=12 model=opt30b batch=2 sequence=1 backend=imbps K=7 median_ms=5.367
round=4 order=13 model=opt30b batch=32 sequence=1 backend=imbps K=7 median_ms=9.075
round=4 order=14 model=opt30b batch=128 sequence=1 backend=imbps K=28 median_ms=25.708
round=4 order=15 model=opt30b batch=16 sequence=1 backend=imbps K=4 median_ms=4.754
round=4 order=16 model=opt30b batch=1024 sequence=1 backend=tpp K=1 median_ms=79.917
round=4 order=17 model=opt30b batch=512 sequence=1 backend=imbps K=14 median_ms=36.671
round=4 order=18 model=opt30b batch=32 sequence=1 backend=imbps K=4 median_ms=5.817
round=4 order=19 model=opt30b batch=2 sequence=1 backend=imbps K=32 median_ms=14.828
round=4 order=20 model=opt30b batch=4 sequence=1 backend=imbps K=32 median_ms=14.686
round=4 order=21 model=opt30b batch=1 sequence=1 backend=imbps K=7 median_ms=3.939
round=4 order=22 model=opt30b batch=8 sequence=1 backend=imbps K=28 median_ms=14.185
round=4 order=23 model=opt30b batch=2 sequence=1 backend=imbps K=28 median_ms=13.387
round=4 order=24 model=opt30b batch=512 sequence=1 backend=imbps K=16 median_ms=45.821
round=4 order=25 model=opt30b batch=32 sequence=1 backend=tpp K=1 median_ms=3.595
round=4 order=26 model=opt30b batch=16 sequence=1 backend=imbps K=2 median_ms=3.619
round=4 order=27 model=opt30b batch=2 sequence=1 backend=tpp K=1 median_ms=1.722
round=4 order=28 model=opt30b batch=4 sequence=1 backend=imbps K=14 median_ms=8.998
round=4 order=29 model=opt30b batch=8 sequence=1 backend=tpp K=1 median_ms=1.770
round=4 order=30 model=opt30b batch=1024 sequence=1 backend=imbps K=8 median_ms=63.304
round=4 order=31 model=opt30b batch=1 sequence=1 backend=imbps K=32 median_ms=13.361
round=4 order=32 model=opt30b batch=64 sequence=1 backend=imbps K=8 median_ms=13.466
round=4 order=33 model=opt30b batch=256 sequence=1 backend=imbps K=8 median_ms=29.237
round=4 order=34 model=opt30b batch=128 sequence=1 backend=imbps K=7 median_ms=14.635
round=4 order=35 model=opt30b batch=1024 sequence=1 backend=imbps K=7 median_ms=61.973
round=4 order=36 model=opt30b batch=32 sequence=1 backend=imbps K=32 median_ms=17.505
round=4 order=37 model=opt30b batch=1024 sequence=1 backend=imbps K=4 median_ms=58.509
round=4 order=38 model=opt30b batch=8 sequence=1 backend=imbps K=14 median_ms=9.298
round=4 order=39 model=opt30b batch=64 sequence=1 backend=imbps K=14 median_ms=14.352
round=4 order=40 model=opt30b batch=2 sequence=1 backend=imbps K=14 median_ms=8.421
round=4 order=41 model=opt30b batch=4 sequence=1 backend=imbps K=2 median_ms=3.284
round=4 order=42 model=opt30b batch=8 sequence=1 backend=imbps K=16 median_ms=10.343
round=4 order=43 model=opt30b batch=1024 sequence=1 backend=imbps K=14 median_ms=63.971
round=4 order=44 model=opt30b batch=128 sequence=1 backend=imbps K=14 median_ms=18.005
round=4 order=45 model=opt30b batch=256 sequence=1 backend=imbps K=4 median_ms=21.993
round=4 order=46 model=opt30b batch=32 sequence=1 backend=imbps K=16 median_ms=11.709
round=4 order=47 model=opt30b batch=4 sequence=1 backend=imbps K=16 median_ms=9.824
round=4 order=48 model=opt30b batch=4 sequence=1 backend=imbps K=28 median_ms=13.638
round=4 order=49 model=opt30b batch=8 sequence=1 backend=imbps K=8 median_ms=7.030
round=4 order=50 model=opt30b batch=32 sequence=1 backend=imbps K=2 median_ms=4.651
round=4 order=51 model=opt30b batch=64 sequence=1 backend=imbps K=16 median_ms=18.105
round=4 order=52 model=opt30b batch=512 sequence=1 backend=imbps K=32 median_ms=53.341
round=4 order=53 model=opt30b batch=32 sequence=1 backend=imbps K=28 median_ms=16.326
round=4 order=54 model=opt30b batch=128 sequence=1 backend=imbps K=16 median_ms=24.761
round=4 order=55 model=opt30b batch=512 sequence=1 backend=imbps K=2 median_ms=30.415
round=4 order=56 model=opt30b batch=64 sequence=1 backend=imbps K=2 median_ms=7.584
round=4 order=57 model=opt30b batch=512 sequence=1 backend=imbps K=7 median_ms=33.221
round=4 order=58 model=opt30b batch=256 sequence=1 backend=imbps K=2 median_ms=18.521
round=4 order=59 model=opt30b batch=16 sequence=1 backend=imbps K=14 median_ms=9.837
round=4 order=60 model=opt30b batch=8 sequence=1 backend=imbps K=2 median_ms=3.444
round=4 order=61 model=opt30b batch=128 sequence=1 backend=imbps K=8 median_ms=20.091
round=4 order=62 model=opt30b batch=64 sequence=1 backend=imbps K=32 median_ms=20.699
round=4 order=63 model=opt30b batch=8 sequence=1 backend=imbps K=32 median_ms=16.158
round=4 order=64 model=opt30b batch=512 sequence=1 backend=imbps K=4 median_ms=32.686
round=4 order=65 model=opt30b batch=256 sequence=1 backend=imbps K=16 median_ms=36.304
round=4 order=66 model=opt30b batch=16 sequence=1 backend=imbps K=32 median_ms=16.543
round=4 order=67 model=opt30b batch=1 sequence=1 backend=tpp K=1 median_ms=1.710
round=4 order=68 model=opt30b batch=1024 sequence=1 backend=imbps K=28 median_ms=68.450
round=4 order=69 model=opt30b batch=16 sequence=1 backend=imbps K=8 median_ms=8.007
round=4 order=70 model=opt30b batch=4 sequence=1 backend=imbps K=7 median_ms=5.535
round=4 order=71 model=opt30b batch=4 sequence=1 backend=imbps K=8 median_ms=6.816
round=4 order=72 model=opt30b batch=256 sequence=1 backend=imbps K=28 median_ms=31.833
round=4 order=73 model=opt30b batch=128 sequence=1 backend=tpp K=1 median_ms=8.206
round=4 order=74 model=opt30b batch=8 sequence=1 backend=imbps K=4 median_ms=4.975
round=4 order=75 model=opt30b batch=16 sequence=1 backend=imbps K=28 median_ms=15.005
round=4 order=76 model=opt30b batch=64 sequence=1 backend=imbps K=4 median_ms=8.577
round=4 order=77 model=opt30b batch=64 sequence=1 backend=imbps K=28 median_ms=19.730
round=4 order=78 model=opt30b batch=1024 sequence=1 backend=imbps K=2 median_ms=56.556
round=4 order=79 model=opt30b batch=512 sequence=1 backend=tpp K=1 median_ms=38.508
round=4 order=80 model=opt30b batch=256 sequence=1 backend=imbps K=32 median_ms=42.624
round=4 order=81 model=opt30b batch=512 sequence=1 backend=imbps K=28 median_ms=42.895
round=4 order=82 model=opt30b batch=1 sequence=1 backend=imbps K=16 median_ms=8.622
round=4 order=83 model=opt30b batch=2 sequence=1 backend=imbps K=8 median_ms=7.070
round=4 order=84 model=opt30b batch=128 sequence=1 backend=imbps K=4 median_ms=14.010
round=4 order=85 model=opt30b batch=1 sequence=1 backend=imbps K=28 median_ms=12.169
round=4 order=86 model=opt30b batch=16 sequence=1 backend=imbps K=7 median_ms=6.195
round=4 order=87 model=opt30b batch=1024 sequence=1 backend=imbps K=32 median_ms=82.121
round=4 order=88 model=opt30b batch=8 sequence=1 backend=imbps K=7 median_ms=5.861
round=4 order=89 model=opt30b batch=128 sequence=1 backend=imbps K=32 median_ms=32.038
round=4 order=90 model=opt30b batch=2 sequence=1 backend=imbps K=16 median_ms=9.671
round=4 order=91 model=opt30b batch=16 sequence=1 backend=imbps K=16 median_ms=10.822
round=4 order=92 model=opt30b batch=512 sequence=1 backend=imbps K=8 median_ms=39.331
round=4 order=93 model=opt30b batch=256 sequence=1 backend=tpp K=1 median_ms=15.656
round=4 order=94 model=opt30b batch=4 sequence=1 backend=tpp K=1 median_ms=1.740
round=4 order=95 model=opt30b batch=64 sequence=1 backend=imbps K=7 median_ms=11.020
round=4 order=96 model=opt30b batch=2 sequence=1 backend=imbps K=4 median_ms=4.155
round=4 order=97 model=opt30b batch=64 sequence=1 backend=tpp K=1 median_ms=5.646
round=4 order=98 model=opt30b batch=2 sequence=1 backend=imbps K=2 median_ms=3.312
round=4 order=99 model=opt30b batch=1024 sequence=1 backend=imbps K=16 median_ms=69.885
round=5 order=1 model=opt30b batch=512 sequence=1 backend=imbps K=32 median_ms=53.962
round=5 order=2 model=opt30b batch=1024 sequence=1 backend=imbps K=28 median_ms=68.260
round=5 order=3 model=opt30b batch=512 sequence=1 backend=imbps K=7 median_ms=33.279
round=5 order=4 model=opt30b batch=2 sequence=1 backend=imbps K=32 median_ms=14.204
round=5 order=5 model=opt30b batch=16 sequence=1 backend=imbps K=32 median_ms=16.629
round=5 order=6 model=opt30b batch=64 sequence=1 backend=imbps K=7 median_ms=11.034
round=5 order=7 model=opt30b batch=8 sequence=1 backend=tpp K=1 median_ms=1.772
round=5 order=8 model=opt30b batch=4 sequence=1 backend=imbps K=7 median_ms=5.576
round=5 order=9 model=opt30b batch=512 sequence=1 backend=imbps K=14 median_ms=36.630
round=5 order=10 model=opt30b batch=1024 sequence=1 backend=imbps K=8 median_ms=62.972
round=5 order=11 model=opt30b batch=64 sequence=1 backend=imbps K=14 median_ms=14.307
round=5 order=12 model=opt30b batch=64 sequence=1 backend=imbps K=28 median_ms=19.955
round=5 order=13 model=opt30b batch=256 sequence=1 backend=imbps K=14 median_ms=24.975
round=5 order=14 model=opt30b batch=512 sequence=1 backend=imbps K=2 median_ms=30.646
round=5 order=15 model=opt30b batch=1024 sequence=1 backend=imbps K=16 median_ms=69.648
round=5 order=16 model=opt30b batch=1024 sequence=1 backend=tpp K=1 median_ms=80.411
round=5 order=17 model=opt30b batch=4 sequence=1 backend=imbps K=8 median_ms=6.639
round=5 order=18 model=opt30b batch=128 sequence=1 backend=imbps K=2 median_ms=12.342
round=5 order=19 model=opt30b batch=1 sequence=1 backend=imbps K=2 median_ms=2.984
round=5 order=20 model=opt30b batch=16 sequence=1 backend=imbps K=28 median_ms=14.985
round=5 order=21 model=opt30b batch=256 sequence=1 backend=imbps K=28 median_ms=31.598
round=5 order=22 model=opt30b batch=32 sequence=1 backend=imbps K=8 median_ms=9.830
round=5 order=23 model=opt30b batch=4 sequence=1 backend=imbps K=4 median_ms=5.100
round=5 order=24 model=opt30b batch=1 sequence=1 backend=imbps K=28 median_ms=12.320
round=5 order=25 model=opt30b batch=256 sequence=1 backend=imbps K=32 median_ms=42.590
round=5 order=26 model=opt30b batch=2 sequence=1 backend=imbps K=16 median_ms=9.472
round=5 order=27 model=opt30b batch=1024 sequence=1 backend=imbps K=14 median_ms=64.280
round=5 order=28 model=opt30b batch=64 sequence=1 backend=imbps K=32 median_ms=20.839
round=5 order=29 model=opt30b batch=16 sequence=1 backend=imbps K=4 median_ms=4.689
round=5 order=30 model=opt30b batch=64 sequence=1 backend=tpp K=1 median_ms=5.747
round=5 order=31 model=opt30b batch=32 sequence=1 backend=imbps K=28 median_ms=16.246
round=5 order=32 model=opt30b batch=128 sequence=1 backend=tpp K=1 median_ms=8.241
round=5 order=33 model=opt30b batch=128 sequence=1 backend=imbps K=14 median_ms=18.048
round=5 order=34 model=opt30b batch=512 sequence=1 backend=imbps K=16 median_ms=45.757
round=5 order=35 model=opt30b batch=1024 sequence=1 backend=imbps K=4 median_ms=58.508
round=5 order=36 model=opt30b batch=1024 sequence=1 backend=imbps K=7 median_ms=62.049
round=5 order=37 model=opt30b batch=128 sequence=1 backend=imbps K=4 median_ms=14.224
round=5 order=38 model=opt30b batch=1024 sequence=1 backend=imbps K=32 median_ms=81.177
round=5 order=39 model=opt30b batch=4 sequence=1 backend=imbps K=32 median_ms=14.961
round=5 order=40 model=opt30b batch=32 sequence=1 backend=imbps K=4 median_ms=5.706
round=5 order=41 model=opt30b batch=1 sequence=1 backend=imbps K=32 median_ms=13.545
round=5 order=42 model=opt30b batch=8 sequence=1 backend=imbps K=28 median_ms=15.058
round=5 order=43 model=opt30b batch=128 sequence=1 backend=imbps K=16 median_ms=25.349
round=5 order=44 model=opt30b batch=128 sequence=1 backend=imbps K=32 median_ms=31.919
round=5 order=45 model=opt30b batch=1024 sequence=1 backend=imbps K=2 median_ms=56.736
round=5 order=46 model=opt30b batch=8 sequence=1 backend=imbps K=8 median_ms=7.747
round=5 order=47 model=opt30b batch=1 sequence=1 backend=imbps K=4 median_ms=3.426
round=5 order=48 model=opt30b batch=32 sequence=1 backend=imbps K=14 median_ms=11.798
round=5 order=49 model=opt30b batch=128 sequence=1 backend=imbps K=28 median_ms=25.459
round=5 order=50 model=opt30b batch=2 sequence=1 backend=imbps K=4 median_ms=4.193
round=5 order=51 model=opt30b batch=16 sequence=1 backend=imbps K=2 median_ms=3.672
round=5 order=52 model=opt30b batch=8 sequence=1 backend=imbps K=2 median_ms=3.388
round=5 order=53 model=opt30b batch=2 sequence=1 backend=imbps K=8 median_ms=6.554
round=5 order=54 model=opt30b batch=512 sequence=1 backend=tpp K=1 median_ms=38.646
round=5 order=55 model=opt30b batch=8 sequence=1 backend=imbps K=7 median_ms=5.770
round=5 order=56 model=opt30b batch=256 sequence=1 backend=tpp K=1 median_ms=15.648
round=5 order=57 model=opt30b batch=16 sequence=1 backend=imbps K=7 median_ms=6.122
round=5 order=58 model=opt30b batch=256 sequence=1 backend=imbps K=2 median_ms=18.516
round=5 order=59 model=opt30b batch=1 sequence=1 backend=imbps K=8 median_ms=3.865
round=5 order=60 model=opt30b batch=256 sequence=1 backend=imbps K=8 median_ms=29.322
round=5 order=61 model=opt30b batch=16 sequence=1 backend=imbps K=16 median_ms=11.032
round=5 order=62 model=opt30b batch=32 sequence=1 backend=imbps K=16 median_ms=12.475
round=5 order=63 model=opt30b batch=8 sequence=1 backend=imbps K=14 median_ms=9.248
round=5 order=64 model=opt30b batch=4 sequence=1 backend=imbps K=14 median_ms=8.840
round=5 order=65 model=opt30b batch=4 sequence=1 backend=tpp K=1 median_ms=1.739
round=5 order=66 model=opt30b batch=32 sequence=1 backend=imbps K=2 median_ms=4.647
round=5 order=67 model=opt30b batch=32 sequence=1 backend=imbps K=7 median_ms=9.206
round=5 order=68 model=opt30b batch=256 sequence=1 backend=imbps K=16 median_ms=36.225
round=5 order=69 model=opt30b batch=4 sequence=1 backend=imbps K=2 median_ms=3.263
round=5 order=70 model=opt30b batch=1 sequence=1 backend=imbps K=16 median_ms=8.514
round=5 order=71 model=opt30b batch=2 sequence=1 backend=imbps K=2 median_ms=3.256
round=5 order=72 model=opt30b batch=128 sequence=1 backend=imbps K=8 median_ms=20.014
round=5 order=73 model=opt30b batch=256 sequence=1 backend=imbps K=7 median_ms=21.621
round=5 order=74 model=opt30b batch=2 sequence=1 backend=imbps K=14 median_ms=8.619
round=5 order=75 model=opt30b batch=4 sequence=1 backend=imbps K=16 median_ms=9.818
round=5 order=76 model=opt30b batch=32 sequence=1 backend=tpp K=1 median_ms=3.581
round=5 order=77 model=opt30b batch=256 sequence=1 backend=imbps K=4 median_ms=21.845
round=5 order=78 model=opt30b batch=32 sequence=1 backend=imbps K=32 median_ms=17.268
round=5 order=79 model=opt30b batch=1 sequence=1 backend=imbps K=14 median_ms=7.523
round=5 order=80 model=opt30b batch=1 sequence=1 backend=tpp K=1 median_ms=1.717
round=5 order=81 model=opt30b batch=8 sequence=1 backend=imbps K=16 median_ms=10.062
round=5 order=82 model=opt30b batch=128 sequence=1 backend=imbps K=7 median_ms=14.681
round=5 order=83 model=opt30b batch=2 sequence=1 backend=imbps K=7 median_ms=5.199
round=5 order=84 model=opt30b batch=16 sequence=1 backend=imbps K=14 median_ms=10.199
round=5 order=85 model=opt30b batch=64 sequence=1 backend=imbps K=2 median_ms=8.857
round=5 order=86 model=opt30b batch=512 sequence=1 backend=imbps K=28 median_ms=42.803
round=5 order=87 model=opt30b batch=16 sequence=1 backend=tpp K=1 median_ms=2.686
round=5 order=88 model=opt30b batch=512 sequence=1 backend=imbps K=8 median_ms=39.302
round=5 order=89 model=opt30b batch=1 sequence=1 backend=imbps K=7 median_ms=4.023
round=5 order=90 model=opt30b batch=64 sequence=1 backend=imbps K=8 median_ms=13.538
round=5 order=91 model=opt30b batch=2 sequence=1 backend=tpp K=1 median_ms=1.724
round=5 order=92 model=opt30b batch=8 sequence=1 backend=imbps K=32 median_ms=15.175
round=5 order=93 model=opt30b batch=8 sequence=1 backend=imbps K=4 median_ms=4.369
round=5 order=94 model=opt30b batch=64 sequence=1 backend=imbps K=16 median_ms=17.752
round=5 order=95 model=opt30b batch=512 sequence=1 backend=imbps K=4 median_ms=32.506
round=5 order=96 model=opt30b batch=4 sequence=1 backend=imbps K=28 median_ms=13.810
round=5 order=97 model=opt30b batch=64 sequence=1 backend=imbps K=4 median_ms=8.675
round=5 order=98 model=opt30b batch=16 sequence=1 backend=imbps K=8 median_ms=7.523
round=5 order=99 model=opt30b batch=2 sequence=1 backend=imbps K=28 median_ms=13.470
Results: /data/scratch/deveshisingh/matmul-to-paged-attention/experiments/imbps-reproduction/results/decode-l2-9974/timing
Decode L2 timing: /data/scratch/deveshisingh/matmul-to-paged-attention/experiments/imbps-reproduction/results/decode-l2-9974/timing
